[debug] [2026-09-25T04:36:17.257Z] ----------------------------------------------------------------------
[debug] [2026-09-25T04:36:17.259Z] Command:       C:\Program Files\nodejs\node.exe C:\Users\User\AppData\Roaming\npm\node_modules\firebase-tools\lib\bin\firebase.js init hosting
[debug] [2026-09-25T04:36:17.259Z] CLI Version:   15.5.1
[debug] [2026-09-25T04:36:17.259Z] Platform:      win32
[debug] [2026-09-25T04:36:17.259Z] Node Version:  v24.13.0
[debug] [2026-09-25T04:36:17.259Z] Time:          Fri Sep 25 2026 11:36:17 GMT+0700 (เวลาอินโดจีน)
[debug] [2026-09-25T04:36:17.259Z] ----------------------------------------------------------------------
[debug] 
[info] 
     ######## #### ########  ######## ########     ###     ######  ########
     ##        ##  ##     ## ##       ##     ##  ##   ##  ##       ##
     ######    ##  ########  ######   ########  #########  ######  ######
     ##        ##  ##    ##  ##       ##     ## ##     ##       ## ##
     ##       #### ##     ## ######## ########  ##     ##  ######  ########

You're about to initialize a Firebase project in this directory:

  C:\Users\User

Before we get started, keep in mind:

  * You are initializing within an existing Firebase project directory

[info] 
=== Project Setup
[info] 
[info] First, let's associate this project directory with a Firebase project.
[info] You can create multiple project aliases by running firebase use --add, 
[info] 
[debug] [2026-09-25T04:36:22.365Z] > command requires scopes: ["email","openid","https://www.googleapis.com/auth/cloudplatformprojects.readonly","https://www.googleapis.com/auth/firebase","https://www.googleapis.com/auth/cloud-platform"]
[debug] [2026-09-25T04:36:22.366Z] > authorizing via signed-in user (ethikorn123thosanak@gmail.com)
[debug] [2026-09-25T04:36:22.369Z] Checked if tokens are valid: false, expires at: 1769769089207
[debug] [2026-09-25T04:36:22.370Z] Checked if tokens are valid: false, expires at: 1769769089207
[debug] [2026-09-25T04:36:22.370Z] > refreshing access token with scopes: []
[debug] [2026-09-25T04:36:22.373Z] >>> [apiv2][query] POST https://www.googleapis.com/oauth2/v3/token [none]
[debug] [2026-09-25T04:36:22.373Z] >>> [apiv2][body] POST https://www.googleapis.com/oauth2/v3/token [omitted]
[debug] [2026-09-25T04:36:22.518Z] <<< [apiv2][status] POST https://www.googleapis.com/oauth2/v3/token 400
[debug] [2026-09-25T04:36:22.518Z] <<< [apiv2][body] POST https://www.googleapis.com/oauth2/v3/token [omitted]
[debug] [2026-09-25T04:36:22.519Z] >>> [apiv2][query] GET https://firebase.googleapis.com/v1beta1/projects/khamtanod-carbooking [none]
[debug] [2026-09-25T04:36:22.668Z] <<< [apiv2][status] GET https://firebase.googleapis.com/v1beta1/projects/khamtanod-carbooking 401
[debug] [2026-09-25T04:36:22.668Z] <<< [apiv2][body] GET https://firebase.googleapis.com/v1beta1/projects/khamtanod-carbooking {"error":{"code":401,"message":"Request had invalid authentication credentials. Expected OAuth 2 access token, login cookie or other valid authentication credential. See https://developers.google.com/identity/sign-in/web/devconsole-project.","status":"UNAUTHENTICATED"}}
[debug] [2026-09-25T04:36:22.668Z] Got a 401 Unauthenticated error for a call that required authentication. Refreshing tokens.
[debug] [2026-09-25T04:36:22.668Z] Checked if tokens are valid: false, expires at: 1769769089207
[debug] [2026-09-25T04:36:22.668Z] Checked if tokens are valid: false, expires at: 1769769089207
[debug] [2026-09-25T04:36:22.668Z] > refreshing access token with scopes: []
[debug] [2026-09-25T04:36:22.669Z] >>> [apiv2][query] POST https://www.googleapis.com/oauth2/v3/token [none]
[debug] [2026-09-25T04:36:22.669Z] >>> [apiv2][body] POST https://www.googleapis.com/oauth2/v3/token [omitted]
[debug] [2026-09-25T04:36:22.726Z] <<< [apiv2][status] POST https://www.googleapis.com/oauth2/v3/token 400
[debug] [2026-09-25T04:36:22.726Z] <<< [apiv2][body] POST https://www.googleapis.com/oauth2/v3/token [omitted]
[debug] [2026-09-25T04:36:22.728Z] Request to https://firebase.googleapis.com/v1beta1/projects/khamtanod-carbooking had HTTP Error: 401, Request had invalid authentication credentials. Expected OAuth 2 access token, login cookie or other valid authentication credential. See https://developers.google.com/identity/sign-in/web/devconsole-project.
[debug] [2026-09-25T04:36:22.891Z] FirebaseError: Request to https://firebase.googleapis.com/v1beta1/projects/khamtanod-carbooking had HTTP Error: 401, Request had invalid authentication credentials. Expected OAuth 2 access token, login cookie or other valid authentication credential. See https://developers.google.com/identity/sign-in/web/devconsole-project.
    at responseToError (C:\Users\User\AppData\Roaming\npm\node_modules\firebase-tools\lib\responseToError.js:53:12)
    at RetryOperation._fn (C:\Users\User\AppData\Roaming\npm\node_modules\firebase-tools\lib\apiv2.js:330:77)
    at process.processTicksAndRejections (node:internal/process/task_queues:103:5)
[error] 
[error] Error: Failed to get Firebase project khamtanod-carbooking. Please make sure the project exists and your account has permission to access it.
[debug] [2026-09-25T04:37:03.046Z] ----------------------------------------------------------------------
[debug] [2026-09-25T04:37:03.048Z] Command:       C:\Program Files\nodejs\node.exe C:\Users\User\AppData\Roaming\npm\node_modules\firebase-tools\lib\bin\firebase.js projects:list
[debug] [2026-09-25T04:37:03.048Z] CLI Version:   15.5.1
[debug] [2026-09-25T04:37:03.048Z] Platform:      win32
[debug] [2026-09-25T04:37:03.048Z] Node Version:  v24.13.0
[debug] [2026-09-25T04:37:03.049Z] Time:          Fri Sep 25 2026 11:37:03 GMT+0700 (เวลาอินโดจีน)
[debug] [2026-09-25T04:37:03.049Z] ----------------------------------------------------------------------
[debug] 
[debug] [2026-09-25T04:37:03.187Z] > command requires scopes: ["email","openid","https://www.googleapis.com/auth/cloudplatformprojects.readonly","https://www.googleapis.com/auth/firebase","https://www.googleapis.com/auth/cloud-platform"]
[debug] [2026-09-25T04:37:03.187Z] > authorizing via signed-in user (ethikorn123thosanak@gmail.com)
[debug] [2026-09-25T04:37:03.190Z] Checked if tokens are valid: false, expires at: 1769769089207
[debug] [2026-09-25T04:37:03.190Z] Checked if tokens are valid: false, expires at: 1769769089207
[debug] [2026-09-25T04:37:03.191Z] > refreshing access token with scopes: []
[debug] [2026-09-25T04:37:03.192Z] >>> [apiv2][query] POST https://www.googleapis.com/oauth2/v3/token [none]
[debug] [2026-09-25T04:37:03.192Z] >>> [apiv2][body] POST https://www.googleapis.com/oauth2/v3/token [omitted]
[debug] [2026-09-25T04:37:03.357Z] <<< [apiv2][status] POST https://www.googleapis.com/oauth2/v3/token 400
[debug] [2026-09-25T04:37:03.357Z] <<< [apiv2][body] POST https://www.googleapis.com/oauth2/v3/token [omitted]
[debug] [2026-09-25T04:37:03.358Z] >>> [apiv2][query] GET https://firebase.googleapis.com/v1beta1/projects pageSize=1000
[debug] [2026-09-25T04:37:03.492Z] <<< [apiv2][status] GET https://firebase.googleapis.com/v1beta1/projects 401
[debug] [2026-09-25T04:37:03.492Z] <<< [apiv2][body] GET https://firebase.googleapis.com/v1beta1/projects [omitted]
[debug] [2026-09-25T04:37:03.492Z] Got a 401 Unauthenticated error for a call that required authentication. Refreshing tokens.
[debug] [2026-09-25T04:37:03.492Z] Checked if tokens are valid: false, expires at: 1769769089207
[debug] [2026-09-25T04:37:03.492Z] Checked if tokens are valid: false, expires at: 1769769089207
[debug] [2026-09-25T04:37:03.492Z] > refreshing access token with scopes: []
[debug] [2026-09-25T04:37:03.492Z] >>> [apiv2][query] POST https://www.googleapis.com/oauth2/v3/token [none]
[debug] [2026-09-25T04:37:03.492Z] >>> [apiv2][body] POST https://www.googleapis.com/oauth2/v3/token [omitted]
[debug] [2026-09-25T04:37:03.544Z] <<< [apiv2][status] POST https://www.googleapis.com/oauth2/v3/token 400
[debug] [2026-09-25T04:37:03.544Z] <<< [apiv2][body] POST https://www.googleapis.com/oauth2/v3/token [omitted]
[debug] [2026-09-25T04:37:03.546Z] Request to https://firebase.googleapis.com/v1beta1/projects?pageSize=1000 had HTTP Error: 401, Request had invalid authentication credentials. Expected OAuth 2 access token, login cookie or other valid authentication credential. See https://developers.google.com/identity/sign-in/web/devconsole-project.
[debug] [2026-09-25T04:37:03.676Z] FirebaseError: Request to https://firebase.googleapis.com/v1beta1/projects?pageSize=1000 had HTTP Error: 401, Request had invalid authentication credentials. Expected OAuth 2 access token, login cookie or other valid authentication credential. See https://developers.google.com/identity/sign-in/web/devconsole-project.
    at responseToError (C:\Users\User\AppData\Roaming\npm\node_modules\firebase-tools\lib\responseToError.js:53:12)
    at RetryOperation._fn (C:\Users\User\AppData\Roaming\npm\node_modules\firebase-tools\lib\apiv2.js:330:77)
    at process.processTicksAndRejections (node:internal/process/task_queues:103:5)
[error] 
[error] Error: Failed to list Firebase projects. See firebase-debug.log for more info.
[debug] [2026-09-25T04:38:27.936Z] ----------------------------------------------------------------------
[debug] [2026-09-25T04:38:27.938Z] Command:       C:\Program Files\nodejs\node.exe C:\Users\User\AppData\Roaming\npm\node_modules\firebase-tools\lib\bin\firebase.js use --add
[debug] [2026-09-25T04:38:27.939Z] CLI Version:   15.5.1
[debug] [2026-09-25T04:38:27.939Z] Platform:      win32
[debug] [2026-09-25T04:38:27.939Z] Node Version:  v24.13.0
[debug] [2026-09-25T04:38:27.939Z] Time:          Fri Sep 25 2026 11:38:27 GMT+0700 (เวลาอินโดจีน)
[debug] [2026-09-25T04:38:27.939Z] ----------------------------------------------------------------------
[debug] 
[debug] [2026-09-25T04:38:28.088Z] > command requires scopes: ["email","openid","https://www.googleapis.com/auth/cloudplatformprojects.readonly","https://www.googleapis.com/auth/firebase","https://www.googleapis.com/auth/cloud-platform"]
[debug] [2026-09-25T04:38:28.088Z] > authorizing via signed-in user (ethikorn123thosanak@gmail.com)
[debug] [2026-09-25T04:38:28.089Z] Checked if tokens are valid: false, expires at: 1769769089207
[debug] [2026-09-25T04:38:28.089Z] Checked if tokens are valid: false, expires at: 1769769089207
[debug] [2026-09-25T04:38:28.090Z] > refreshing access token with scopes: []
[debug] [2026-09-25T04:38:28.091Z] >>> [apiv2][query] POST https://www.googleapis.com/oauth2/v3/token [none]
[debug] [2026-09-25T04:38:28.091Z] >>> [apiv2][body] POST https://www.googleapis.com/oauth2/v3/token [omitted]
[debug] [2026-09-25T04:38:28.228Z] <<< [apiv2][status] POST https://www.googleapis.com/oauth2/v3/token 400
[debug] [2026-09-25T04:38:28.229Z] <<< [apiv2][body] POST https://www.googleapis.com/oauth2/v3/token [omitted]
[debug] [2026-09-25T04:38:28.229Z] >>> [apiv2][query] GET https://firebase.googleapis.com/v1beta1/projects pageSize=1000
[debug] [2026-09-25T04:38:28.441Z] <<< [apiv2][status] GET https://firebase.googleapis.com/v1beta1/projects 401
[debug] [2026-09-25T04:38:28.441Z] <<< [apiv2][body] GET https://firebase.googleapis.com/v1beta1/projects [omitted]
[debug] [2026-09-25T04:38:28.441Z] Got a 401 Unauthenticated error for a call that required authentication. Refreshing tokens.
[debug] [2026-09-25T04:38:28.441Z] Checked if tokens are valid: false, expires at: 1769769089207
[debug] [2026-09-25T04:38:28.441Z] Checked if tokens are valid: false, expires at: 1769769089207
[debug] [2026-09-25T04:38:28.441Z] > refreshing access token with scopes: []
[debug] [2026-09-25T04:38:28.442Z] >>> [apiv2][query] POST https://www.googleapis.com/oauth2/v3/token [none]
[debug] [2026-09-25T04:38:28.442Z] >>> [apiv2][body] POST https://www.googleapis.com/oauth2/v3/token [omitted]
[debug] [2026-09-25T04:38:28.492Z] <<< [apiv2][status] POST https://www.googleapis.com/oauth2/v3/token 400
[debug] [2026-09-25T04:38:28.492Z] <<< [apiv2][body] POST https://www.googleapis.com/oauth2/v3/token [omitted]
[debug] [2026-09-25T04:38:28.494Z] Request to https://firebase.googleapis.com/v1beta1/projects?pageSize=1000 had HTTP Error: 401, Request had invalid authentication credentials. Expected OAuth 2 access token, login cookie or other valid authentication credential. See https://developers.google.com/identity/sign-in/web/devconsole-project.
[debug] [2026-09-25T04:38:28.626Z] FirebaseError: Request to https://firebase.googleapis.com/v1beta1/projects?pageSize=1000 had HTTP Error: 401, Request had invalid authentication credentials. Expected OAuth 2 access token, login cookie or other valid authentication credential. See https://developers.google.com/identity/sign-in/web/devconsole-project.
    at responseToError (C:\Users\User\AppData\Roaming\npm\node_modules\firebase-tools\lib\responseToError.js:53:12)
    at RetryOperation._fn (C:\Users\User\AppData\Roaming\npm\node_modules\firebase-tools\lib\apiv2.js:330:77)
    at process.processTicksAndRejections (node:internal/process/task_queues:103:5)
[error] 
[error] Error: Failed to list Firebase projects. See firebase-debug.log for more info.
